// Jest Snapshot v1, https://goo.gl/fbAQLP

exports[`<Component /> spec should match snapshot 1`] = `undefined`;
